// Jest Snapshot v1, https://goo.gl/fbAQLP

exports[`<Counter /> should match Snapshot 1`] = `
<View
  style={
    Object {
      "alignItems": "center",
      "backgroundColor": "#44c0ff",
      "flex": 1,
      "justifyContent": "space-around",
    }
  }
>
  <Text
    accessible={true}
    allowFontScaling={true}
    ellipsizeMode="tail"
    style={
      Object {
        "color": "#fffddb",
        "fontFamily": "arial",
        "fontSize": 200,
      }
    }
  >
    6
  </Text>
  <View
    style={
      Object {
        "alignItems": "center",
        "flexDirection": "row",
        "justifyContent": "space-around",
        "width": "90%",
      }
    }
  >
    <View
      accessibilityComponentType={undefined}
      accessibilityLabel={undefined}
      accessibilityTraits={undefined}
      accessible={true}
      hitSlop={undefined}
      isTVSelectable={true}
      onLayout={undefined}
      onResponderGrant={[Function]}
      onResponderMove={[Function]}
      onResponderRelease={[Function]}
      onResponderTerminate={[Function]}
      onResponderTerminationRequest={[Function]}
      onStartShouldSetResponder={[Function]}
      style={
        Object {
          "alignItems": "center",
          "backgroundColor": "#baa077",
          "borderBottomLeftRadius": 5,
          "borderBottomRightRadius": 5,
          "borderTopLeftRadius": 5,
          "borderTopRightRadius": 5,
          "height": 70,
          "justifyContent": "center",
          "opacity": 1,
          "width": 130,
        }
      }
      testID={undefined}
      tvParallaxProperties={undefined}
    >
      <Text
        accessible={true}
        allowFontScaling={true}
        ellipsizeMode="tail"
        style={
          Object {
            "color": "#fffddb",
            "fontSize": 50,
          }
        }
      >
        -
      </Text>
    </View>
    <View
      accessibilityComponentType={undefined}
      accessibilityLabel={undefined}
      accessibilityTraits={undefined}
      accessible={true}
      hitSlop={undefined}
      isTVSelectable={true}
      onLayout={undefined}
      onResponderGrant={[Function]}
      onResponderMove={[Function]}
      onResponderRelease={[Function]}
      onResponderTerminate={[Function]}
      onResponderTerminationRequest={[Function]}
      onStartShouldSetResponder={[Function]}
      style={
        Object {
          "alignItems": "center",
          "backgroundColor": "#77dd79",
          "borderBottomLeftRadius": 5,
          "borderBottomRightRadius": 5,
          "borderTopLeftRadius": 5,
          "borderTopRightRadius": 5,
          "height": 70,
          "justifyContent": "center",
          "opacity": 1,
          "width": 130,
        }
      }
      testID={undefined}
      tvParallaxProperties={undefined}
    >
      <Text
        accessible={true}
        allowFontScaling={true}
        ellipsizeMode="tail"
        style={
          Object {
            "color": "#fffddb",
            "fontSize": 50,
          }
        }
      >
        +
      </Text>
    </View>
  </View>
</View>
`;
